// Jest Snapshot v1, https://goo.gl/fbAQLP

exports[`extend-class defined 1`] = `
"(function(f){if(typeof exports===\\"object\\"&&typeof module!==\\"undefined\\"){module.exports=f()}else if(typeof define===\\"function\\"&&define.amd){define([],f)}else{var g;if(typeof window!==\\"undefined\\"){g=window}else if(typeof global!==\\"undefined\\"){g=global}else if(typeof self!==\\"undefined\\"){g=self}else{g=this}g.standalone = f()}})(function(){var define,module,exports;return (function e(t,n,r){function s(o,u){if(!n[o]){if(!t[o]){var a=typeof require==\\"function\\"&&require;if(!u&&a)return a(o,!0);if(i)return i(o,!0);var f=new Error(\\"Cannot find module '\\"+o+\\"'\\");throw f.code=\\"MODULE_NOT_FOUND\\",f}var l=n[o]={exports:{}};t[o][0].call(l.exports,function(e){var n=t[o][1][e];return s(n?n:e)},l,l.exports,e,t,n,r)}return n[o].exports}var i=typeof require==\\"function\\"&&require;for(var o=0;o<r.length;o++)s(r[o]);return s})({1:[function(require,module,exports){
module.exports = {\\"extendButton\\":\\"button__button---1LIs-\\",\\"button\\":\\"index__button---R0coX\\"}
},{}],2:[function(require,module,exports){
module.exports = require('./index.css');

},{\\"./index.css\\":1}]},{},[2])(2)
});"
`;

exports[`extend-class defined 2`] = `
".button__button---1LIs- {
  background-color: red;
}
/* overrides background-color from button.css */
.button__button---1LIs- {
  background-color: green;
}

/* new local class, not related to button.css */
.index__button---R0coX {
  font-size: 1em;
}
"
`;
